// Jest Snapshot v1, https://goo.gl/fbAQLP

exports[`Carousel.vue has the expected html structure 1`] = `
<div
  class="carousel slide"
  data-ride="carousel"
  id="carousel"
>
  <ol
    class="carousel-indicators"
  >
    <li
      class="active"
      data-slide-to="0"
      data-target="#carousel"
    />
  </ol>
   
  <div
    class="carousel-inner"
    role="listbox"
  >
    <div
      class="item active"
    >
      <img
        src="/static/imgs/carousel/1.jpg"
      />
       
      <div
        class="carousel-caption"
      >
        
        Image
      
      </div>
    </div>
  </div>
   
  <a
    class="left carousel-control"
    data-slide="prev"
    href="#carousel"
    role="button"
  >
    <span
      aria-hidden="true"
      class="glyphicon glyphicon-chevron-left"
    />
     
    <span
      class="sr-only"
    >
      Previous
    </span>
  </a>
   
  <a
    class="right carousel-control"
    data-slide="next"
    href="#carousel"
    role="button"
  >
    <span
      aria-hidden="true"
      class="glyphicon glyphicon-chevron-right"
    />
     
    <span
      class="sr-only"
    >
      Next
    </span>
  </a>
   
</div>
`;
