// Jest Snapshot v1, https://goo.gl/fbAQLP

exports[`Chart.vue has the expected html structure 1`] = `
<div>
  <canvas
    height="50"
    width="100"
  />
</div>
`;
