// Jest Snapshot v1, https://goo.gl/fbAQLP

exports[`VSelect2.vue has the expected html structure 1`] = `
<div>
  <table
    class="table table-bordered"
  />
   
  <!---->
</div>
`;
