// Jest Snapshot v1, https://goo.gl/fbAQLP

exports[`PhotoSwipe.vue has the expected html structure 1`] = `
<div>
  <div
    class="sc-gallery"
  >
    <figure>
      <a
        href="/static/imgs/carousel/1.jpg"
      >
        <img
          src="/static/imgs/carousel/1.jpg"
        />
      </a>
       
      <figcaption>
        First Image
      </figcaption>
    </figure>
  </div>
   
  <div
    aria-hidden="true"
    class="pswp"
    role="dialog"
    tabindex="-1"
  >
    <div
      class="pswp__bg"
    />
     
    <div
      class="pswp__scroll-wrap"
    >
      <div
        class="pswp__container"
      >
        <div
          class="pswp__item"
        />
         
        <div
          class="pswp__item"
        />
         
        <div
          class="pswp__item"
        />
      </div>
       
      <div
        class="pswp__ui pswp__ui--hidden"
      >
        <div
          class="pswp__top-bar"
        >
          <div
            class="pswp__counter"
          />
           
          <button
            class="pswp__button pswp__button--close"
            title="Close (Esc)"
          />
           
          <button
            class="pswp__button pswp__button--share"
            title="Share"
          />
           
          <button
            class="pswp__button pswp__button--fs"
            title="Toggle fullscreen"
          />
           
          <button
            class="pswp__button pswp__button--zoom"
            title="Zoom in/out"
          />
           
          <div
            class="pswp__preloader"
          >
            <div
              class="pswp__preloader__icn"
            >
              <div
                class="pswp__preloader__cut"
              >
                <div
                  class="pswp__preloader__donut"
                />
              </div>
            </div>
          </div>
        </div>
         
        <div
          class="pswp__share-modal pswp__share-modal--hidden pswp__single-tap"
        >
          <div
            class="pswp__share-tooltip"
          />
        </div>
         
        <button
          class="pswp__button pswp__button--arrow--left"
          title="Previous (arrow left)"
        />
         
        <button
          class="pswp__button pswp__button--arrow--right"
          title="Next (arrow right)"
        />
         
        <div
          class="pswp__caption"
        >
          <div
            class="pswp__caption__center"
          />
        </div>
      </div>
    </div>
  </div>
</div>
`;
