// Jest Snapshot v1, https://goo.gl/fbAQLP

exports[`Tab.vue has the expected html structure 1`] = `
<div
  class="tab-pane"
  id="tab"
  role="tabpanel"
>
  Test
</div>
`;
