// Jest Snapshot v1, https://goo.gl/fbAQLP

exports[`Timeline.vue has the expected html structure 1`] = `
<div
  class="timeline_wrapper"
>
  <ul
    class="timeline"
  />
</div>
`;
