// Jest Snapshot v1, https://goo.gl/fbAQLP

exports[`TimelineItem.vue has the expected html structure 1`] = `
<li
  class=""
>
  <div
    class="timeline-badge blue"
  >
    <div
      class="icon"
    >
      <i
        aria-hidden="true"
        class="fa fa-clock-o"
      />
    </div>
     
    <div
      class="date"
    >
      <small>
        2 hours ago
      </small>
    </div>
  </div>
   
  <div
    class="timeline-panel"
  >
    <div
      class="timeline-heading"
    >
      <h3
        class="timeline-title"
      >
        Item
      </h3>
    </div>
     
    <div
      class="timeline-body"
    >
      Test
    </div>
  </div>
</li>
`;
