// Jest Snapshot v1, https://goo.gl/fbAQLP

exports[`Trumbowyg.vue has the expected html structure 1`] = `
<textarea>
  
</textarea>
`;
